INFO    : Building target course
INFO    : XSL conversion of /workspaces/Decisions-by-Design_v1/new-pretext-project/source/main.ptx by /root/.ptx/2.38.3/core/xsl/utilities/pretext-enhanced-source.xsl
INFO    : successful application of /root/.ptx/2.38.3/core/xsl/utilities/pretext-enhanced-source.xsl
INFO    : Generating any needed assets.
INFO    : Finished generating assets.

INFO    : Preparing to build into /workspaces/Decisions-by-Design_v1/new-pretext-project/output/course.
INFO    : discovering source file's directory name: /workspaces/Decisions-by-Design_v1/new-pretext-project/source
INFO    : verifying and expanding input directory: /workspaces/Decisions-by-Design_v1/new-pretext-project/source/../generated-assets
INFO    : input directory expanded to absolute path: /workspaces/Decisions-by-Design_v1/new-pretext-project/generated-assets
INFO    : verifying and expanding input directory: /workspaces/Decisions-by-Design_v1/new-pretext-project/source/../assets
INFO    : input directory expanded to absolute path: /workspaces/Decisions-by-Design_v1/new-pretext-project/assets
INFO    : discovering source file's directory name: /workspaces/Decisions-by-Design_v1/new-pretext-project/source
INFO    : XSL conversion of /workspaces/Decisions-by-Design_v1/new-pretext-project/source/main.ptx by /root/.ptx/2.38.3/core/xsl/utilities/report-publisher-variables.xsl
INFO    : successful application of /root/.ptx/2.38.3/core/xsl/utilities/report-publisher-variables.xsl
INFO    : Downloading rs services file from https://runestone.academy/cdn/runestone/latest/webpack_static_imports.xml.
INFO    : Runestone Services via online CDN query: version 7.13.5
INFO    : Downloading Runestone Services, version 7.13.5
INFO    : Extracting Runestone Services from archive file
INFO    : Building custom css theme: theme-denver
INFO    : converting /workspaces/Decisions-by-Design_v1/new-pretext-project/source/main.ptx to HTML in /ptx-alqwp92p
INFO    : XSL conversion of /workspaces/Decisions-by-Design_v1/new-pretext-project/source/main.ptx by /root/.ptx/2.38.3/core/xsl/pretext-html.xsl
INFO    : messages from the log for XSL processing:
WARNING : * PTX:WARNING: In a section containing subsections, any content that is not inside a subsection needs to be inside an <introduction> and/or  <conclusion>.
INFO    : *              located within: "de-crash-course" (xml:id), "A Crash Course in Concentration Models" (title)
INFO    : * PTX:INFO:   checking all deprecated elements.
INFO    : successful application of /root/.ptx/2.38.3/core/xsl/pretext-html.xsl
INFO    : Removing temporary directory /ptx-alqwp92p
INFO    : Removing temporary directory /ptx-d0k1x2sg
INFO    : 
Finished build for target course. Run `pretext view course` to see the results.

INFO    : 
Success!  Built requested target(s) without errors.

INFO    : 
