INFO    : Building target print
INFO    : XSL conversion of /workspaces/Decisions-by-Design_v1/new-pretext-project/source/main.ptx by /root/.ptx/2.38.3/core/xsl/utilities/pretext-enhanced-source.xsl
INFO    : successful application of /root/.ptx/2.38.3/core/xsl/utilities/pretext-enhanced-source.xsl
INFO    : Generating any needed assets.
INFO    : Finished generating assets.

INFO    : Preparing to build into /workspaces/Decisions-by-Design_v1/new-pretext-project/output/print.
INFO    : discovering source file's directory name: /workspaces/Decisions-by-Design_v1/new-pretext-project/source
INFO    : verifying and expanding input directory: /workspaces/Decisions-by-Design_v1/new-pretext-project/source/../generated-assets
INFO    : input directory expanded to absolute path: /workspaces/Decisions-by-Design_v1/new-pretext-project/generated-assets
INFO    : verifying and expanding input directory: /workspaces/Decisions-by-Design_v1/new-pretext-project/source/../assets
INFO    : input directory expanded to absolute path: /workspaces/Decisions-by-Design_v1/new-pretext-project/assets
INFO    : discovering source file's directory name: /workspaces/Decisions-by-Design_v1/new-pretext-project/source
INFO    : XSL conversion of /workspaces/Decisions-by-Design_v1/new-pretext-project/source/main.ptx by /root/.ptx/2.38.3/core/xsl/utilities/report-publisher-variables.xsl
INFO    : successful application of /root/.ptx/2.38.3/core/xsl/utilities/report-publisher-variables.xsl
INFO    : converting /workspaces/Decisions-by-Design_v1/new-pretext-project/source/main.ptx to LaTeX as /ptx-soc1oel1/main.tex
INFO    : XSL conversion of /workspaces/Decisions-by-Design_v1/new-pretext-project/source/main.ptx by /root/.ptx/2.38.3/core/xsl/pretext-latex.xsl
INFO    : messages from the log for XSL processing:
INFO    : * PTX:INFO:   checking all deprecated elements.
INFO    : successful application of /root/.ptx/2.38.3/core/xsl/pretext-latex.xsl
INFO    : XSL conversion of /workspaces/Decisions-by-Design_v1/new-pretext-project/source/main.ptx by /root/.ptx/2.38.3/core/xsl/utilities/report-publisher-variables.xsl
INFO    : successful application of /root/.ptx/2.38.3/core/xsl/utilities/report-publisher-variables.xsl
INFO    : Rerunning LaTeX for main.tex (pass 2)
INFO    : Removing temporary directory /ptx-soc1oel1
INFO    : Removing temporary directory /ptx-rs_nxr2i
INFO    : Removing temporary directory /ptx-gu_4gy17
INFO    : 
Finished build for target print. The output is in /workspaces/Decisions-by-Design_v1/new-pretext-project/output/print.

INFO    : 
Success!  Built requested target(s) without errors.

INFO    : 
